[INFO] Scanning for projects...
[INFO] 
[INFO] -------------< com.example:SpringProject_Authentification >-------------
[INFO] Building SpringProject_Authentification 0.0.1-SNAPSHOT
[INFO]   from pom.xml
[INFO] --------------------------------[ jar ]---------------------------------
[INFO] 
[INFO] >>> spring-boot:4.0.6:run (default-cli) > test-compile @ SpringProject_Authentification >>>
[INFO] 
[INFO] --- resources:3.3.1:resources (default-resources) @ SpringProject_Authentification ---
[INFO] Copying 1 resource from src\main\resources to target\classes
[INFO] Copying 0 resource from src\main\resources to target\classes
[INFO] 
[INFO] --- compiler:3.14.1:compile (default-compile) @ SpringProject_Authentification ---
[INFO] Nothing to compile - all classes are up to date.
[INFO] 
[INFO] --- resources:3.3.1:testResources (default-testResources) @ SpringProject_Authentification ---
[INFO] skip non existing resourceDirectory C:\Users\ejota\Desktop\SpringProject_Authentification\src\test\resources
[INFO] 
[INFO] --- compiler:3.14.1:testCompile (default-testCompile) @ SpringProject_Authentification ---
[INFO] Nothing to compile - all classes are up to date.
[INFO] 
[INFO] <<< spring-boot:4.0.6:run (default-cli) < test-compile @ SpringProject_Authentification <<<
[INFO] 
[INFO] 
[INFO] --- spring-boot:4.0.6:run (default-cli) @ SpringProject_Authentification ---
[INFO] Attaching agents: []

  .   ____          _            __ _ _
 /\\ / ___'_ __ _ _(_)_ __  __ _ \ \ \ \
( ( )\___ | '_ | '_| | '_ \/ _` | \ \ \ \
 \\/  ___)| |_)| | | | | || (_| |  ) ) ) )
  '  |____| .__|_| |_|_| |_\__, | / / / /
 =========|_|==============|___/=/_/_/_/

 :: Spring Boot ::                (v4.0.6)

2026-05-06T17:33:48.840+02:00  INFO 28908 --- [SpringProject_Authentification] [           main] SpringProjectAuthentificationApplication : Starting SpringProjectAuthentificationApplication using Java 21.0.8 with PID 28908 (C:\Users\ejota\Desktop\SpringProject_Authentification\target\classes started by ejota in C:\Users\ejota\Desktop\SpringProject_Authentification)
2026-05-06T17:33:48.846+02:00  INFO 28908 --- [SpringProject_Authentification] [           main] SpringProjectAuthentificationApplication : No active profile set, falling back to 1 default profile: "default"
2026-05-06T17:33:49.614+02:00  INFO 28908 --- [SpringProject_Authentification] [           main] .s.d.r.c.RepositoryConfigurationDelegate : Bootstrapping Spring Data JPA repositories in DEFAULT mode.
2026-05-06T17:33:49.692+02:00  INFO 28908 --- [SpringProject_Authentification] [           main] .s.d.r.c.RepositoryConfigurationDelegate : Finished Spring Data repository scanning in 62 ms. Found 1 JPA repository interface.
2026-05-06T17:33:50.377+02:00  INFO 28908 --- [SpringProject_Authentification] [           main] o.s.boot.tomcat.TomcatWebServer          : Tomcat initialized with port 8080 (http)
2026-05-06T17:33:50.401+02:00  INFO 28908 --- [SpringProject_Authentification] [           main] o.apache.catalina.core.StandardService   : Starting service [Tomcat]
2026-05-06T17:33:50.402+02:00  INFO 28908 --- [SpringProject_Authentification] [           main] o.apache.catalina.core.StandardEngine    : Starting Servlet engine: [Apache Tomcat/11.0.21]
2026-05-06T17:33:50.516+02:00  INFO 28908 --- [SpringProject_Authentification] [           main] b.w.c.s.WebApplicationContextInitializer : Root WebApplicationContext: initialization completed in 1614 ms
2026-05-06T17:33:50.794+02:00  INFO 28908 --- [SpringProject_Authentification] [           main] org.hibernate.orm.jpa                    : HHH008540: Processing PersistenceUnitInfo [name: default]
2026-05-06T17:33:50.871+02:00  INFO 28908 --- [SpringProject_Authentification] [           main] org.hibernate.orm.core                   : HHH000001: Hibernate ORM core version 7.2.12.Final
2026-05-06T17:33:51.669+02:00  INFO 28908 --- [SpringProject_Authentification] [           main] o.s.o.j.p.SpringPersistenceUnitInfo      : No LoadTimeWeaver setup: ignoring JPA class transformer
2026-05-06T17:33:51.738+02:00  INFO 28908 --- [SpringProject_Authentification] [           main] com.zaxxer.hikari.HikariDataSource       : HikariPool-1 - Starting...
2026-05-06T17:33:52.046+02:00  INFO 28908 --- [SpringProject_Authentification] [           main] com.zaxxer.hikari.pool.HikariPool        : HikariPool-1 - Added connection org.postgresql.jdbc.PgConnection@45e639ee
2026-05-06T17:33:52.052+02:00  INFO 28908 --- [SpringProject_Authentification] [           main] com.zaxxer.hikari.HikariDataSource       : HikariPool-1 - Start completed.
2026-05-06T17:33:52.161+02:00  INFO 28908 --- [SpringProject_Authentification] [           main] org.hibernate.orm.connections.pooling    : HHH10001005: Database info:
	Database JDBC URL [jdbc:postgresql://localhost:5432/postgres]
	Database driver: PostgreSQL JDBC Driver
	Database dialect: PostgreSQLDialect
	Database version: 18.3
	Default catalog/schema: postgres/public
	Autocommit mode: undefined/unknown
	Isolation level: READ_COMMITTED [default READ_COMMITTED]
	JDBC fetch size: none
	Pool: DataSourceConnectionProvider
	Minimum pool size: undefined/unknown
	Maximum pool size: undefined/unknown
2026-05-06T17:33:53.405+02:00  INFO 28908 --- [SpringProject_Authentification] [           main] org.hibernate.orm.core                   : HHH000489: No JTA platform available (set 'hibernate.transaction.jta.platform' to enable JTA platform integration)
2026-05-06T17:33:53.486+02:00  INFO 28908 --- [SpringProject_Authentification] [           main] j.LocalContainerEntityManagerFactoryBean : Initialized JPA EntityManagerFactory for persistence unit 'default'
2026-05-06T17:33:53.614+02:00  INFO 28908 --- [SpringProject_Authentification] [           main] o.s.d.j.r.query.QueryEnhancerFactories   : Hibernate is in classpath; If applicable, HQL parser will be used.
2026-05-06T17:33:53.918+02:00  WARN 28908 --- [SpringProject_Authentification] [           main] JpaBaseConfiguration$JpaWebConfiguration : spring.jpa.open-in-view is enabled by default. Therefore, database queries may be performed during view rendering. Explicitly configure spring.jpa.open-in-view to disable this warning
2026-05-06T17:33:54.073+02:00  WARN 28908 --- [SpringProject_Authentification] [           main] .s.a.UserDetailsServiceAutoConfiguration : 

Using generated security password: 32843084-a037-49c6-8a3c-1a9273a53119

This generated password is for development use only. Your security configuration must be updated before running your application in production.

2026-05-06T17:33:54.088+02:00  INFO 28908 --- [SpringProject_Authentification] [           main] r$InitializeUserDetailsManagerConfigurer : Global AuthenticationManager configured with UserDetailsService bean with name inMemoryUserDetailsManager
2026-05-06T17:33:54.707+02:00  WARN 28908 --- [SpringProject_Authentification] [           main] ConfigServletWebServerApplicationContext : Exception encountered during context initialization - cancelling refresh attempt: org.springframework.context.ApplicationContextException: Failed to start bean 'webServerStartStop'
2026-05-06T17:33:54.708+02:00  INFO 28908 --- [SpringProject_Authentification] [           main] j.LocalContainerEntityManagerFactoryBean : Closing JPA EntityManagerFactory for persistence unit 'default'
2026-05-06T17:33:54.711+02:00  INFO 28908 --- [SpringProject_Authentification] [           main] com.zaxxer.hikari.HikariDataSource       : HikariPool-1 - Shutdown initiated...
2026-05-06T17:33:54.720+02:00  INFO 28908 --- [SpringProject_Authentification] [           main] com.zaxxer.hikari.HikariDataSource       : HikariPool-1 - Shutdown completed.
2026-05-06T17:33:54.734+02:00  INFO 28908 --- [SpringProject_Authentification] [           main] .s.b.a.l.ConditionEvaluationReportLogger : 

Error starting ApplicationContext. To display the condition evaluation report re-run your application with 'debug' enabled.
2026-05-06T17:33:54.752+02:00 ERROR 28908 --- [SpringProject_Authentification] [           main] o.s.b.d.LoggingFailureAnalysisReporter   : 

***************************
APPLICATION FAILED TO START
***************************

Description:

Web server failed to start. Port 8080 was already in use.

Action:

Identify and stop the process that's listening on port 8080 or configure this application to listen on another port.

[INFO] ------------------------------------------------------------------------
[INFO] BUILD FAILURE
[INFO] ------------------------------------------------------------------------
[INFO] Total time:  9.377 s
[INFO] Finished at: 2026-05-06T17:33:54+02:00
[INFO] ------------------------------------------------------------------------
[ERROR] Failed to execute goal org.springframework.boot:spring-boot-maven-plugin:4.0.6:run (default-cli) on project SpringProject_Authentification: Process terminated with exit code: 1 -> [Help 1]
[ERROR] 
[ERROR] To see the full stack trace of the errors, re-run Maven with the -e switch.
[ERROR] Re-run Maven using the -X switch to enable full debug logging.
[ERROR] 
[ERROR] For more information about the errors and possible solutions, please read the following articles:
[ERROR] [Help 1] http://cwiki.apache.org/confluence/display/MAVEN/MojoExecutionException
