[INFO] Scanning for projects...
[INFO] 
[INFO] -------------< com.example:SpringProject_Authentification >-------------
[INFO] Building SpringProject_Authentification 0.0.1-SNAPSHOT
[INFO]   from pom.xml
[INFO] --------------------------------[ jar ]---------------------------------
[INFO] 
[INFO] >>> spring-boot:4.0.6:run (default-cli) > test-compile @ SpringProject_Authentification >>>
[INFO] 
[INFO] --- resources:3.3.1:resources (default-resources) @ SpringProject_Authentification ---
[INFO] Copying 1 resource from src\main\resources to target\classes
[INFO] Copying 0 resource from src\main\resources to target\classes
[INFO] 
[INFO] --- compiler:3.14.1:compile (default-compile) @ SpringProject_Authentification ---
[INFO] Nothing to compile - all classes are up to date.
[INFO] 
[INFO] --- resources:3.3.1:testResources (default-testResources) @ SpringProject_Authentification ---
[INFO] skip non existing resourceDirectory C:\Users\ejota\Desktop\SpringProject_Authentification\src\test\resources
[INFO] 
[INFO] --- compiler:3.14.1:testCompile (default-testCompile) @ SpringProject_Authentification ---
[INFO] Nothing to compile - all classes are up to date.
[INFO] 
[INFO] <<< spring-boot:4.0.6:run (default-cli) < test-compile @ SpringProject_Authentification <<<
[INFO] 
[INFO] 
[INFO] --- spring-boot:4.0.6:run (default-cli) @ SpringProject_Authentification ---
[INFO] Attaching agents: []

  .   ____          _            __ _ _
 /\\ / ___'_ __ _ _(_)_ __  __ _ \ \ \ \
( ( )\___ | '_ | '_| | '_ \/ _` | \ \ \ \
 \\/  ___)| |_)| | | | | || (_| |  ) ) ) )
  '  |____| .__|_| |_|_| |_\__, | / / / /
 =========|_|==============|___/=/_/_/_/

 :: Spring Boot ::                (v4.0.6)

2026-05-06T17:34:57.660+02:00  INFO 34736 --- [SpringProject_Authentification] [           main] SpringProjectAuthentificationApplication : Starting SpringProjectAuthentificationApplication using Java 21.0.8 with PID 34736 (C:\Users\ejota\Desktop\SpringProject_Authentification\target\classes started by ejota in C:\Users\ejota\Desktop\SpringProject_Authentification)
2026-05-06T17:34:57.667+02:00  INFO 34736 --- [SpringProject_Authentification] [           main] SpringProjectAuthentificationApplication : No active profile set, falling back to 1 default profile: "default"
2026-05-06T17:34:58.442+02:00  INFO 34736 --- [SpringProject_Authentification] [           main] .s.d.r.c.RepositoryConfigurationDelegate : Bootstrapping Spring Data JPA repositories in DEFAULT mode.
2026-05-06T17:34:58.526+02:00  INFO 34736 --- [SpringProject_Authentification] [           main] .s.d.r.c.RepositoryConfigurationDelegate : Finished Spring Data repository scanning in 64 ms. Found 1 JPA repository interface.
2026-05-06T17:34:59.186+02:00  INFO 34736 --- [SpringProject_Authentification] [           main] o.s.boot.tomcat.TomcatWebServer          : Tomcat initialized with port 8081 (http)
2026-05-06T17:34:59.203+02:00  INFO 34736 --- [SpringProject_Authentification] [           main] o.apache.catalina.core.StandardService   : Starting service [Tomcat]
2026-05-06T17:34:59.204+02:00  INFO 34736 --- [SpringProject_Authentification] [           main] o.apache.catalina.core.StandardEngine    : Starting Servlet engine: [Apache Tomcat/11.0.21]
2026-05-06T17:34:59.271+02:00  INFO 34736 --- [SpringProject_Authentification] [           main] b.w.c.s.WebApplicationContextInitializer : Root WebApplicationContext: initialization completed in 1548 ms
2026-05-06T17:34:59.476+02:00  INFO 34736 --- [SpringProject_Authentification] [           main] org.hibernate.orm.jpa                    : HHH008540: Processing PersistenceUnitInfo [name: default]
2026-05-06T17:34:59.577+02:00  INFO 34736 --- [SpringProject_Authentification] [           main] org.hibernate.orm.core                   : HHH000001: Hibernate ORM core version 7.2.12.Final
2026-05-06T17:35:00.182+02:00  INFO 34736 --- [SpringProject_Authentification] [           main] o.s.o.j.p.SpringPersistenceUnitInfo      : No LoadTimeWeaver setup: ignoring JPA class transformer
2026-05-06T17:35:00.224+02:00  INFO 34736 --- [SpringProject_Authentification] [           main] com.zaxxer.hikari.HikariDataSource       : HikariPool-1 - Starting...
2026-05-06T17:35:00.447+02:00  INFO 34736 --- [SpringProject_Authentification] [           main] com.zaxxer.hikari.pool.HikariPool        : HikariPool-1 - Added connection org.postgresql.jdbc.PgConnection@654b899f
2026-05-06T17:35:00.449+02:00  INFO 34736 --- [SpringProject_Authentification] [           main] com.zaxxer.hikari.HikariDataSource       : HikariPool-1 - Start completed.
2026-05-06T17:35:00.538+02:00  INFO 34736 --- [SpringProject_Authentification] [           main] org.hibernate.orm.connections.pooling    : HHH10001005: Database info:
	Database JDBC URL [jdbc:postgresql://localhost:5432/postgres]
	Database driver: PostgreSQL JDBC Driver
	Database dialect: PostgreSQLDialect
	Database version: 18.3
	Default catalog/schema: postgres/public
	Autocommit mode: undefined/unknown
	Isolation level: READ_COMMITTED [default READ_COMMITTED]
	JDBC fetch size: none
	Pool: DataSourceConnectionProvider
	Minimum pool size: undefined/unknown
	Maximum pool size: undefined/unknown
2026-05-06T17:35:01.783+02:00  INFO 34736 --- [SpringProject_Authentification] [           main] org.hibernate.orm.core                   : HHH000489: No JTA platform available (set 'hibernate.transaction.jta.platform' to enable JTA platform integration)
2026-05-06T17:35:01.880+02:00  INFO 34736 --- [SpringProject_Authentification] [           main] j.LocalContainerEntityManagerFactoryBean : Initialized JPA EntityManagerFactory for persistence unit 'default'
2026-05-06T17:35:01.989+02:00  INFO 34736 --- [SpringProject_Authentification] [           main] o.s.d.j.r.query.QueryEnhancerFactories   : Hibernate is in classpath; If applicable, HQL parser will be used.
2026-05-06T17:35:02.227+02:00  WARN 34736 --- [SpringProject_Authentification] [           main] JpaBaseConfiguration$JpaWebConfiguration : spring.jpa.open-in-view is enabled by default. Therefore, database queries may be performed during view rendering. Explicitly configure spring.jpa.open-in-view to disable this warning
2026-05-06T17:35:02.909+02:00  INFO 34736 --- [SpringProject_Authentification] [           main] o.s.boot.tomcat.TomcatWebServer          : Tomcat started on port 8081 (http) with context path '/'
2026-05-06T17:35:02.925+02:00  INFO 34736 --- [SpringProject_Authentification] [           main] SpringProjectAuthentificationApplication : Started SpringProjectAuthentificationApplication in 5.92 seconds (process running for 6.452)
2026-05-06T20:32:50.612+02:00  WARN 34736 --- [SpringProject_Authentification] [l-1:housekeeper] com.zaxxer.hikari.pool.HikariPool        : HikariPool-1 - Thread starvation or clock leap detected (housekeeper delta=33m49s611ms249µs800ns).
